Running as unit: mithril-status-overlap-bench-20260915.service
goos: linux
goarch: amd64
pkg: github.com/Overclock-Validator/mithril/pkg/replay
cpu: AMD Ryzen 7 9700X 8-Core Processor             
BenchmarkTransactionStatusExecutionOverlap/legacy           	       6	  22659962 ns/op	   5699140 commit-with-wait-ns/op	  16960453 execution-ns/op	23276112 B/op	  242222 allocs/op
BenchmarkTransactionStatusExecutionOverlap/legacy           	       5	  22853486 ns/op	   5584087 commit-with-wait-ns/op	  17269100 execution-ns/op	23276118 B/op	  242222 allocs/op
BenchmarkTransactionStatusExecutionOverlap/legacy           	       5	  23170780 ns/op	   6502884 commit-with-wait-ns/op	  16667603 execution-ns/op	23276136 B/op	  242222 allocs/op
BenchmarkTransactionStatusExecutionOverlap/legacy           	       5	  22833095 ns/op	   6053272 commit-with-wait-ns/op	  16779392 execution-ns/op	23276116 B/op	  242222 allocs/op
BenchmarkTransactionStatusExecutionOverlap/legacy           	       5	  22058768 ns/op	   5848843 commit-with-wait-ns/op	  16209621 execution-ns/op	23276112 B/op	  242222 allocs/op
BenchmarkTransactionStatusExecutionOverlap/legacy-2         	       6	  19456453 ns/op	   5114189 commit-with-wait-ns/op	  14341895 execution-ns/op	23276694 B/op	  242226 allocs/op
BenchmarkTransactionStatusExecutionOverlap/legacy-2         	       5	  20721459 ns/op	   5463814 commit-with-wait-ns/op	  15257144 execution-ns/op	23276633 B/op	  242225 allocs/op
BenchmarkTransactionStatusExecutionOverlap/legacy-2         	       6	  18883924 ns/op	   5031514 commit-with-wait-ns/op	  13851997 execution-ns/op	23276650 B/op	  242225 allocs/op
BenchmarkTransactionStatusExecutionOverlap/legacy-2         	       6	  19163664 ns/op	   5128481 commit-with-wait-ns/op	  14034884 execution-ns/op	23276584 B/op	  242225 allocs/op
BenchmarkTransactionStatusExecutionOverlap/legacy-2         	       6	  18648556 ns/op	   4971799 commit-with-wait-ns/op	  13676368 execution-ns/op	23276654 B/op	  242226 allocs/op
BenchmarkTransactionStatusExecutionOverlap/sized            	       6	  20730994 ns/op	   3673079 commit-with-wait-ns/op	  17057597 execution-ns/op	20125561 B/op	  241932 allocs/op
BenchmarkTransactionStatusExecutionOverlap/sized            	       5	  21164557 ns/op	   4762666 commit-with-wait-ns/op	  16401568 execution-ns/op	20125556 B/op	  241932 allocs/op
BenchmarkTransactionStatusExecutionOverlap/sized            	       5	  20803959 ns/op	   3673651 commit-with-wait-ns/op	  17130021 execution-ns/op	20125587 B/op	  241932 allocs/op
BenchmarkTransactionStatusExecutionOverlap/sized            	       5	  21585622 ns/op	   4745710 commit-with-wait-ns/op	  16839541 execution-ns/op	20125537 B/op	  241931 allocs/op
BenchmarkTransactionStatusExecutionOverlap/sized            	       5	  22061011 ns/op	   4786467 commit-with-wait-ns/op	  17274047 execution-ns/op	20125526 B/op	  241931 allocs/op
BenchmarkTransactionStatusExecutionOverlap/sized-2          	       6	  18481807 ns/op	   4332538 commit-with-wait-ns/op	  14148935 execution-ns/op	20126009 B/op	  241934 allocs/op
BenchmarkTransactionStatusExecutionOverlap/sized-2          	       6	  18233386 ns/op	   4143998 commit-with-wait-ns/op	  14088971 execution-ns/op	20125942 B/op	  241934 allocs/op
BenchmarkTransactionStatusExecutionOverlap/sized-2          	       6	  17926782 ns/op	   3900186 commit-with-wait-ns/op	  14026293 execution-ns/op	20126008 B/op	  241935 allocs/op
BenchmarkTransactionStatusExecutionOverlap/sized-2          	       6	  17641308 ns/op	   3846237 commit-with-wait-ns/op	  13794796 execution-ns/op	20126009 B/op	  241934 allocs/op
BenchmarkTransactionStatusExecutionOverlap/sized-2          	       6	  18874807 ns/op	   4403265 commit-with-wait-ns/op	  14471150 execution-ns/op	20126009 B/op	  241934 allocs/op
BenchmarkTransactionStatusExecutionOverlap/overlap          	       6	  21101004 ns/op	   2063760 commit-with-wait-ns/op	  19033430 execution-ns/op	20125788 B/op	  241936 allocs/op
BenchmarkTransactionStatusExecutionOverlap/overlap          	       5	  21351433 ns/op	   3481211 commit-with-wait-ns/op	  17866676 execution-ns/op	20125816 B/op	  241936 allocs/op
BenchmarkTransactionStatusExecutionOverlap/overlap          	       5	  21378252 ns/op	   3800343 commit-with-wait-ns/op	  17574134 execution-ns/op	20125816 B/op	  241936 allocs/op
BenchmarkTransactionStatusExecutionOverlap/overlap          	       5	  20630833 ns/op	   1688017 commit-with-wait-ns/op	  18939909 execution-ns/op	20125819 B/op	  241936 allocs/op
BenchmarkTransactionStatusExecutionOverlap/overlap          	       5	  22262745 ns/op	   3971910 commit-with-wait-ns/op	  18286875 execution-ns/op	20125816 B/op	  241936 allocs/op
BenchmarkTransactionStatusExecutionOverlap/overlap-2        	       6	  16698061 ns/op	   2155589 commit-with-wait-ns/op	  14538161 execution-ns/op	20126252 B/op	  241938 allocs/op
BenchmarkTransactionStatusExecutionOverlap/overlap-2        	       7	  16586794 ns/op	   2151713 commit-with-wait-ns/op	  14431196 execution-ns/op	20126259 B/op	  241938 allocs/op
BenchmarkTransactionStatusExecutionOverlap/overlap-2        	       6	  16814463 ns/op	   2297246 commit-with-wait-ns/op	  14512878 execution-ns/op	20126390 B/op	  241939 allocs/op
BenchmarkTransactionStatusExecutionOverlap/overlap-2        	       6	  17545014 ns/op	   2416401 commit-with-wait-ns/op	  15124436 execution-ns/op	20126122 B/op	  241937 allocs/op
BenchmarkTransactionStatusExecutionOverlap/overlap-2        	       6	  17149268 ns/op	   2323257 commit-with-wait-ns/op	  14821130 execution-ns/op	20126128 B/op	  241937 allocs/op
BenchmarkTransactionStatusSmallPublication/txs_0/legacy     	 1273947	        96.94 ns/op	     112 B/op	       2 allocs/op
BenchmarkTransactionStatusSmallPublication/txs_0/legacy     	 1294056	        91.35 ns/op	     112 B/op	       2 allocs/op
BenchmarkTransactionStatusSmallPublication/txs_0/legacy     	 1271734	        92.04 ns/op	     112 B/op	       2 allocs/op
BenchmarkTransactionStatusSmallPublication/txs_0/legacy     	 1300807	        94.81 ns/op	     112 B/op	       2 allocs/op
BenchmarkTransactionStatusSmallPublication/txs_0/legacy     	 1272133	        96.92 ns/op	     112 B/op	       2 allocs/op
BenchmarkTransactionStatusSmallPublication/txs_0/legacy-2   	 1589078	        76.19 ns/op	     112 B/op	       2 allocs/op
BenchmarkTransactionStatusSmallPublication/txs_0/legacy-2   	 1577804	        77.30 ns/op	     112 B/op	       2 allocs/op
BenchmarkTransactionStatusSmallPublication/txs_0/legacy-2   	 1563583	        77.34 ns/op	     112 B/op	       2 allocs/op
BenchmarkTransactionStatusSmallPublication/txs_0/legacy-2   	 1626802	        74.57 ns/op	     112 B/op	       2 allocs/op
BenchmarkTransactionStatusSmallPublication/txs_0/legacy-2   	 1591627	        75.31 ns/op	     112 B/op	       2 allocs/op
BenchmarkTransactionStatusSmallPublication/txs_0/prepared_total           	  721636	       185.7 ns/op	     264 B/op	       5 allocs/op
BenchmarkTransactionStatusSmallPublication/txs_0/prepared_total           	  704294	       179.3 ns/op	     264 B/op	       5 allocs/op
BenchmarkTransactionStatusSmallPublication/txs_0/prepared_total           	  725799	       182.1 ns/op	     264 B/op	       5 allocs/op
BenchmarkTransactionStatusSmallPublication/txs_0/prepared_total           	  725127	       181.7 ns/op	     264 B/op	       5 allocs/op
BenchmarkTransactionStatusSmallPublication/txs_0/prepared_total           	  700783	       176.9 ns/op	     264 B/op	       5 allocs/op
BenchmarkTransactionStatusSmallPublication/txs_0/prepared_total-2         	  726256	       138.7 ns/op	     264 B/op	       5 allocs/op
BenchmarkTransactionStatusSmallPublication/txs_0/prepared_total-2         	  728829	       139.5 ns/op	     264 B/op	       5 allocs/op
BenchmarkTransactionStatusSmallPublication/txs_0/prepared_total-2         	  861189	       144.8 ns/op	     264 B/op	       5 allocs/op
BenchmarkTransactionStatusSmallPublication/txs_0/prepared_total-2         	  765130	       143.7 ns/op	     264 B/op	       5 allocs/op
BenchmarkTransactionStatusSmallPublication/txs_0/prepared_total-2         	  751879	       142.9 ns/op	     264 B/op	       5 allocs/op
BenchmarkTransactionStatusSmallPublication/txs_1/legacy                   	  194295	       653.8 ns/op	     960 B/op	       9 allocs/op
BenchmarkTransactionStatusSmallPublication/txs_1/legacy                   	  176815	       648.9 ns/op	     960 B/op	       9 allocs/op
BenchmarkTransactionStatusSmallPublication/txs_1/legacy                   	  174601	       882.8 ns/op	     960 B/op	       9 allocs/op
BenchmarkTransactionStatusSmallPublication/txs_1/legacy                   	  149839	       829.7 ns/op	     960 B/op	       9 allocs/op
BenchmarkTransactionStatusSmallPublication/txs_1/legacy                   	  162600	       810.9 ns/op	     960 B/op	       9 allocs/op
BenchmarkTransactionStatusSmallPublication/txs_1/legacy-2                 	  242948	       633.3 ns/op	     960 B/op	       9 allocs/op
BenchmarkTransactionStatusSmallPublication/txs_1/legacy-2                 	  140822	       720.2 ns/op	     960 B/op	       9 allocs/op
BenchmarkTransactionStatusSmallPublication/txs_1/legacy-2                 	  156864	       754.5 ns/op	     960 B/op	       9 allocs/op
BenchmarkTransactionStatusSmallPublication/txs_1/legacy-2                 	  235440	       462.3 ns/op	     960 B/op	       9 allocs/op
BenchmarkTransactionStatusSmallPublication/txs_1/legacy-2                 	  215985	       471.1 ns/op	     960 B/op	       9 allocs/op
BenchmarkTransactionStatusSmallPublication/txs_1/prepared_total           	   66573	      1705 ns/op	    1192 B/op	      13 allocs/op
BenchmarkTransactionStatusSmallPublication/txs_1/prepared_total           	   71836	      1640 ns/op	    1192 B/op	      13 allocs/op
BenchmarkTransactionStatusSmallPublication/txs_1/prepared_total           	   70480	      1655 ns/op	    1192 B/op	      13 allocs/op
BenchmarkTransactionStatusSmallPublication/txs_1/prepared_total           	   71564	      1641 ns/op	    1192 B/op	      13 allocs/op
BenchmarkTransactionStatusSmallPublication/txs_1/prepared_total           	   73791	      1645 ns/op	    1192 B/op	      13 allocs/op
BenchmarkTransactionStatusSmallPublication/txs_1/prepared_total-2         	   77616	      1489 ns/op	    1192 B/op	      13 allocs/op
BenchmarkTransactionStatusSmallPublication/txs_1/prepared_total-2         	   78930	      1520 ns/op	    1192 B/op	      13 allocs/op
BenchmarkTransactionStatusSmallPublication/txs_1/prepared_total-2         	   75838	      1511 ns/op	    1192 B/op	      13 allocs/op
BenchmarkTransactionStatusSmallPublication/txs_1/prepared_total-2         	   74458	      1491 ns/op	    1192 B/op	      13 allocs/op
BenchmarkTransactionStatusSmallPublication/txs_1/prepared_total-2         	   79232	      1551 ns/op	    1192 B/op	      13 allocs/op
BenchmarkTransactionStatusSmallPublication/txs_32/legacy                  	   19609	      6019 ns/op	    6320 B/op	      23 allocs/op
BenchmarkTransactionStatusSmallPublication/txs_32/legacy                  	   18758	      6100 ns/op	    6320 B/op	      23 allocs/op
BenchmarkTransactionStatusSmallPublication/txs_32/legacy                  	   19924	      6118 ns/op	    6320 B/op	      23 allocs/op
BenchmarkTransactionStatusSmallPublication/txs_32/legacy                  	   19128	      6067 ns/op	    6320 B/op	      23 allocs/op
BenchmarkTransactionStatusSmallPublication/txs_32/legacy                  	   19795	      6000 ns/op	    6320 B/op	      23 allocs/op
BenchmarkTransactionStatusSmallPublication/txs_32/legacy-2                	   23222	      5027 ns/op	    6320 B/op	      23 allocs/op
BenchmarkTransactionStatusSmallPublication/txs_32/legacy-2                	   23133	      5064 ns/op	    6320 B/op	      23 allocs/op
BenchmarkTransactionStatusSmallPublication/txs_32/legacy-2                	   23482	      5243 ns/op	    6320 B/op	      23 allocs/op
BenchmarkTransactionStatusSmallPublication/txs_32/legacy-2                	   22717	      5013 ns/op	    6320 B/op	      23 allocs/op
BenchmarkTransactionStatusSmallPublication/txs_32/legacy-2                	   24062	      5630 ns/op	    6320 B/op	      23 allocs/op
BenchmarkTransactionStatusSmallPublication/txs_32/prepared_total          	   20682	      6564 ns/op	    3848 B/op	      17 allocs/op
BenchmarkTransactionStatusSmallPublication/txs_32/prepared_total          	   18136	      5879 ns/op	    3848 B/op	      17 allocs/op
BenchmarkTransactionStatusSmallPublication/txs_32/prepared_total          	   21844	      5837 ns/op	    3848 B/op	      17 allocs/op
BenchmarkTransactionStatusSmallPublication/txs_32/prepared_total          	   19086	      5635 ns/op	    3848 B/op	      17 allocs/op
BenchmarkTransactionStatusSmallPublication/txs_32/prepared_total          	   19254	      5724 ns/op	    3848 B/op	      17 allocs/op
BenchmarkTransactionStatusSmallPublication/txs_32/prepared_total-2        	   20040	      5546 ns/op	    3848 B/op	      17 allocs/op
BenchmarkTransactionStatusSmallPublication/txs_32/prepared_total-2        	   18378	      5860 ns/op	    3848 B/op	      17 allocs/op
BenchmarkTransactionStatusSmallPublication/txs_32/prepared_total-2        	   19862	      5961 ns/op	    3848 B/op	      17 allocs/op
BenchmarkTransactionStatusSmallPublication/txs_32/prepared_total-2        	   19912	      6906 ns/op	    3848 B/op	      17 allocs/op
BenchmarkTransactionStatusSmallPublication/txs_32/prepared_total-2        	   21711	      7037 ns/op	    3848 B/op	      17 allocs/op
PASS
ok  	github.com/Overclock-Validator/mithril/pkg/replay	17.258s
          Finished with result: success
Main processes terminated with: code=exited, status=0/SUCCESS
               Service runtime: 19.605s
             CPU time consumed: 23.467s
                   Memory peak: 387.6M (swap: 0B)
